
> work-assistant@2.1.0 build
> npm run lint && rollup -c


> work-assistant@2.1.0 lint
> svelte-check && eslint . --ext .ts

Loading svelte-check in workspace: g:\Randy\temp\plugins\obsidian-work-assistant
Getting Svelte diagnostics...

g:\Randy\temp\plugins\obsidian-work-assistant\[32msrc\periodic\settings\components\NoteFormatSetting.svelte[39m:71:3
[33mWarn[39m: Unused CSS selector ".alert-warning"
https://svelte.dev/e/css_unused_selector (svelte)
[36m<style>
  [35m.alert-warning[36m {
    color: var(--text-muted);[39m

g:\Randy\temp\plugins\obsidian-work-assistant\[32msrc\periodic\settings\pages\details\PeriodicGroup.svelte[39m:42:3
[33mWarn[39m: Visible, non-interactive elements with a click event must be accompanied by a keyboard event handler. Consider whether an interactive element such as `<button type="button">` or `<a>` might be more appropriate
https://svelte.dev/e/a11y_click_events_have_key_events (svelte)
[36m<div class="periodic-group">
  [35m<div
    class="setting-item setting-item-heading periodic-group-heading"
    on:click={toggleExpand}
  >
    <div class="setting-item-info">
      <h3 class="setting-item-name periodic-group-title">
        <Arrow {isExpanded} />
        {t(`periodic-note-heading-${granularity}`)}
        {#if $config.openAtStartup}
          <span class="badge">{t("settings-common-open-startup")}</span>
        {/if}
      </h3>
    </div>
    <div class="setting-item-control">
      <label
        class="checkbox-container"
        class:is-enabled={$config.enabled}
        on:click|stopPropagation
      >
        <input
          type="checkbox"
          bind:checked={$config.enabled}
          style="display: none;"
        />
      </label>
    </div>
  </div>[36m
  {#if isExpanded}[39m

g:\Randy\temp\plugins\obsidian-work-assistant\[32msrc\periodic\settings\pages\details\PeriodicGroup.svelte[39m:42:3
[33mWarn[39m: `<div>` with a click handler must have an ARIA role
https://svelte.dev/e/a11y_no_static_element_interactions (svelte)
[36m<div class="periodic-group">
  [35m<div
    class="setting-item setting-item-heading periodic-group-heading"
    on:click={toggleExpand}
  >
    <div class="setting-item-info">
      <h3 class="setting-item-name periodic-group-title">
        <Arrow {isExpanded} />
        {t(`periodic-note-heading-${granularity}`)}
        {#if $config.openAtStartup}
          <span class="badge">{t("settings-common-open-startup")}</span>
        {/if}
      </h3>
    </div>
    <div class="setting-item-control">
      <label
        class="checkbox-container"
        class:is-enabled={$config.enabled}
        on:click|stopPropagation
      >
        <input
          type="checkbox"
          bind:checked={$config.enabled}
          style="display: none;"
        />
      </label>
    </div>
  </div>[36m
  {#if isExpanded}[39m

g:\Randy\temp\plugins\obsidian-work-assistant\[32msrc\periodic\settings\pages\details\PeriodicGroup.svelte[39m:56:7
[33mWarn[39m: Visible, non-interactive elements with a click event must be accompanied by a keyboard event handler. Consider whether an interactive element such as `<button type="button">` or `<a>` might be more appropriate
https://svelte.dev/e/a11y_click_events_have_key_events (svelte)
[36m    <div class="setting-item-control">
      [35m<label
        class="checkbox-container"
        class:is-enabled={$config.enabled}
        on:click|stopPropagation
      >
        <input
          type="checkbox"
          bind:checked={$config.enabled}
          style="display: none;"
        />
      </label>[36m
    </div>[39m

g:\Randy\temp\plugins\obsidian-work-assistant\[32msrc\periodic\settings\pages\details\PeriodicGroup.svelte[39m:56:7
[33mWarn[39m: Non-interactive element `<label>` should not be assigned mouse or keyboard event listeners
https://svelte.dev/e/a11y_no_noninteractive_element_interactions (svelte)
[36m    <div class="setting-item-control">
      [35m<label
        class="checkbox-container"
        class:is-enabled={$config.enabled}
        on:click|stopPropagation
      >
        <input
          type="checkbox"
          bind:checked={$config.enabled}
          style="display: none;"
        />
      </label>[36m
    </div>[39m

g:\Randy\temp\plugins\obsidian-work-assistant\[32msrc\ui\StatusBarPlayer.ts[39m:1:24
[31mError[39m: Module '"obsidian"' has no exported member 'HTMLElement'. 
[36mimport { setIcon, type [35mHTMLElement[36m } from "obsidian";
import type { SystemMediaMonitor } from "../smtc/SystemMediaMonitor";[39m

====================================
[31msvelte-check found 1 error and 5 warnings in 3 files
[39m
